../Core/Src/main.c:90:5:main	8	static,ignoring_inline_asm
../Core/Src/main.c:139:6:SystemClock_Config	72	static
../Core/Src/main.c:179:13:MX_USART1_UART_Init	8	static
../Core/Src/main.c:212:13:MX_GPIO_Init	40	static
../Core/Src/main.c:248:6:Set_LED_Color	24	static
../Core/Src/main.c:257:6:Turn_All_LEDs_Off	8	static
../Core/Src/main.c:261:6:Process_BLE_Command	16	static
../Core/Src/main.c:286:6:Send_Button_Press_To_Notebook	40	static
../Core/Src/main.c:293:6:HAL_GPIO_EXTI_Callback	24	static
../Core/Src/main.c:313:6:HAL_UART_RxCpltCallback	16	static
../Core/Src/main.c:343:6:Error_Handler	4	static,ignoring_inline_asm
