Removed Pin From Net: NetName=VCC3V3 Pin=R2-1
Removed Pin From Net: NetName=RESET Pin=R2-2
Removed Pin From Net: NetName=SWDIO Pin=R13-1
Removed Pin From Net: NetName=VCC3V3 Pin=R13-2
Removed Pin From Net: NetName=SWO Pin=R14-1
Removed Pin From Net: NetName=VCC3V3 Pin=R14-2
Removed Pin From Net: NetName=VCC3V3 Pin=R17-1
Removed Pin From Net: NetName=NSRT Pin=R17-2
Removed Pin From Net: NetName=SWCLK Pin=R18-1
Removed Pin From Net: NetName=VCC3V3 Pin=R18-2
Add Pin To Net: Unknown Pin: Pin R?-1
Add Pin To Net: Unknown Pin: Pin R?-1
Add Pin To Net: Unknown Pin: Pin R?-1
Add Pin To Net: Unknown Pin: Pin R?-1
Add Pin To Net: Unknown Pin: Pin R?-1
Add Pin To Net: Unknown Pin: Pin R?-2
Add Pin To Net: Unknown Pin: Pin R?-2
Add Pin To Net: Unknown Pin: Pin R?-2
Add Pin To Net: Unknown Pin: Pin R?-2
Add Pin To Net: Unknown Pin: Pin R?-2
Added Rule: Name=Schematic Supply Nets
Added Rule: Name=Schematic Supply Nets_1
Added Rule: Name=Schematic Supply Nets_2
Added Rule: Name=Schematic Supply Nets_3
Added Rule: Name=Schematic Supply Nets_4
Added Rule: Name=Schematic Supply Nets_5
Added Rule: Name=Schematic Supply Nets_6
Added Rule: Name=Schematic Supply Nets_7
Added Rule: Name=Schematic Supply Nets_8
Added Rule: Name=Schematic Supply Nets_9
Added Rule: Name=Schematic Supply Nets_10
Added Rule: Name=Schematic Supply Nets_11
Added Rule: Name=Schematic Supply Nets_12
Added Rule: Name=Schematic Supply Nets_13
Added Rule: Name=Schematic Supply Nets_14
Added Rule: Name=Schematic Supply Nets_15
Added Rule: Name=Schematic Supply Nets_16
Added Rule: Name=Schematic Supply Nets_17
